// Jest Snapshot v1, https://goo.gl/fbAQLP

exports[`allows using all the available utilities 1`] = `
Array [
  "__esModule",
  "toPred",
  "toPredecessor",
  "toSucc",
  "toSuccessor",
  "toTitle",
  "titleize",
  "toCamelCase",
  "camelize",
  "camelCase",
  "toLower",
  "toFirstLower",
  "decapitalize",
  "withoutDiacritics",
  "cleanDiacritics",
  "removeDiacritics",
  "isLowerCase",
  "isLower",
  "isUpperCase",
  "isUpper",
  "compose",
  "_do",
  "toTurabian",
  "toChicagoManualStyle",
  "toChicagoStyle",
  "toChicagoTitle",
  "startsWith",
  "withoutIndent",
  "removeIndent",
  "dedent",
  "distance",
  "calcLevenshtein",
  "levenshtein",
  "isString",
  "isEmpty",
  "toPascalCase",
  "classify",
]
`;
